// Jest Snapshot v1, https://goo.gl/fbAQLP

exports[`UserView should render 1`] = `
<div>
  User View
</div>
`;
